  Determining projects to restore...
  All projects are up-to-date for restore.
  MenuManagement.Domain -> C:\Users\ladop\QrMenuSystem\MenuManagement.Domain\bin\Debug\net8.0\MenuManagement.Domain.dll
C:\Users\ladop\QrMenuSystem\MenuManagement.Application\Common\Interfaces\IMenuManagementDbContext.cs(1,17): error CS0234: The type or namespace name 'EntityFrameworkCore' does not exist in the namespace 'Microsoft' (are you missing an assembly reference?) [C:\Users\ladop\QrMenuSystem\MenuManagement.Application\MenuManagement.Application.csproj]
C:\Users\ladop\QrMenuSystem\MenuManagement.Application\Features\Auth\Commands\LoginCommand.cs(5,17): error CS0234: The type or namespace name 'EntityFrameworkCore' does not exist in the namespace 'Microsoft' (are you missing an assembly reference?) [C:\Users\ladop\QrMenuSystem\MenuManagement.Application\MenuManagement.Application.csproj]
C:\Users\ladop\QrMenuSystem\MenuManagement.Application\Features\MenuItems\Queries\GetMenuItemsByMenuIdQuery.cs(7,17): error CS0234: The type or namespace name 'EntityFrameworkCore' does not exist in the namespace 'Microsoft' (are you missing an assembly reference?) [C:\Users\ladop\QrMenuSystem\MenuManagement.Application\MenuManagement.Application.csproj]
C:\Users\ladop\QrMenuSystem\MenuManagement.Application\Features\Menus\Queries\GetMenusByObjectIdQuery.cs(7,17): error CS0234: The type or namespace name 'EntityFrameworkCore' does not exist in the namespace 'Microsoft' (are you missing an assembly reference?) [C:\Users\ladop\QrMenuSystem\MenuManagement.Application\MenuManagement.Application.csproj]
C:\Users\ladop\QrMenuSystem\MenuManagement.Application\Features\Objects\Commands\UpdateObjectCommand.cs(4,17): error CS0234: The type or namespace name 'EntityFrameworkCore' does not exist in the namespace 'Microsoft' (are you missing an assembly reference?) [C:\Users\ladop\QrMenuSystem\MenuManagement.Application\MenuManagement.Application.csproj]
C:\Users\ladop\QrMenuSystem\MenuManagement.Application\Features\Objects\Queries\GetObjectsPagedQuery.cs(7,17): error CS0234: The type or namespace name 'EntityFrameworkCore' does not exist in the namespace 'Microsoft' (are you missing an assembly reference?) [C:\Users\ladop\QrMenuSystem\MenuManagement.Application\MenuManagement.Application.csproj]
C:\Users\ladop\QrMenuSystem\MenuManagement.Application\Common\Interfaces\IMenuManagementDbContext.cs(10,9): error CS0246: The type or namespace name 'DbSet<>' could not be found (are you missing a using directive or an assembly reference?) [C:\Users\ladop\QrMenuSystem\MenuManagement.Application\MenuManagement.Application.csproj]
C:\Users\ladop\QrMenuSystem\MenuManagement.Application\Common\Interfaces\IMenuManagementDbContext.cs(11,9): error CS0246: The type or namespace name 'DbSet<>' could not be found (are you missing a using directive or an assembly reference?) [C:\Users\ladop\QrMenuSystem\MenuManagement.Application\MenuManagement.Application.csproj]
C:\Users\ladop\QrMenuSystem\MenuManagement.Application\Common\Interfaces\IMenuManagementDbContext.cs(12,9): error CS0246: The type or namespace name 'DbSet<>' could not be found (are you missing a using directive or an assembly reference?) [C:\Users\ladop\QrMenuSystem\MenuManagement.Application\MenuManagement.Application.csproj]
C:\Users\ladop\QrMenuSystem\MenuManagement.Application\Common\Interfaces\IMenuManagementDbContext.cs(13,9): error CS0246: The type or namespace name 'DbSet<>' could not be found (are you missing a using directive or an assembly reference?) [C:\Users\ladop\QrMenuSystem\MenuManagement.Application\MenuManagement.Application.csproj]

Build FAILED.

C:\Users\ladop\QrMenuSystem\MenuManagement.Application\Common\Interfaces\IMenuManagementDbContext.cs(1,17): error CS0234: The type or namespace name 'EntityFrameworkCore' does not exist in the namespace 'Microsoft' (are you missing an assembly reference?) [C:\Users\ladop\QrMenuSystem\MenuManagement.Application\MenuManagement.Application.csproj]
C:\Users\ladop\QrMenuSystem\MenuManagement.Application\Features\Auth\Commands\LoginCommand.cs(5,17): error CS0234: The type or namespace name 'EntityFrameworkCore' does not exist in the namespace 'Microsoft' (are you missing an assembly reference?) [C:\Users\ladop\QrMenuSystem\MenuManagement.Application\MenuManagement.Application.csproj]
C:\Users\ladop\QrMenuSystem\MenuManagement.Application\Features\MenuItems\Queries\GetMenuItemsByMenuIdQuery.cs(7,17): error CS0234: The type or namespace name 'EntityFrameworkCore' does not exist in the namespace 'Microsoft' (are you missing an assembly reference?) [C:\Users\ladop\QrMenuSystem\MenuManagement.Application\MenuManagement.Application.csproj]
C:\Users\ladop\QrMenuSystem\MenuManagement.Application\Features\Menus\Queries\GetMenusByObjectIdQuery.cs(7,17): error CS0234: The type or namespace name 'EntityFrameworkCore' does not exist in the namespace 'Microsoft' (are you missing an assembly reference?) [C:\Users\ladop\QrMenuSystem\MenuManagement.Application\MenuManagement.Application.csproj]
C:\Users\ladop\QrMenuSystem\MenuManagement.Application\Features\Objects\Commands\UpdateObjectCommand.cs(4,17): error CS0234: The type or namespace name 'EntityFrameworkCore' does not exist in the namespace 'Microsoft' (are you missing an assembly reference?) [C:\Users\ladop\QrMenuSystem\MenuManagement.Application\MenuManagement.Application.csproj]
C:\Users\ladop\QrMenuSystem\MenuManagement.Application\Features\Objects\Queries\GetObjectsPagedQuery.cs(7,17): error CS0234: The type or namespace name 'EntityFrameworkCore' does not exist in the namespace 'Microsoft' (are you missing an assembly reference?) [C:\Users\ladop\QrMenuSystem\MenuManagement.Application\MenuManagement.Application.csproj]
C:\Users\ladop\QrMenuSystem\MenuManagement.Application\Common\Interfaces\IMenuManagementDbContext.cs(10,9): error CS0246: The type or namespace name 'DbSet<>' could not be found (are you missing a using directive or an assembly reference?) [C:\Users\ladop\QrMenuSystem\MenuManagement.Application\MenuManagement.Application.csproj]
C:\Users\ladop\QrMenuSystem\MenuManagement.Application\Common\Interfaces\IMenuManagementDbContext.cs(11,9): error CS0246: The type or namespace name 'DbSet<>' could not be found (are you missing a using directive or an assembly reference?) [C:\Users\ladop\QrMenuSystem\MenuManagement.Application\MenuManagement.Application.csproj]
C:\Users\ladop\QrMenuSystem\MenuManagement.Application\Common\Interfaces\IMenuManagementDbContext.cs(12,9): error CS0246: The type or namespace name 'DbSet<>' could not be found (are you missing a using directive or an assembly reference?) [C:\Users\ladop\QrMenuSystem\MenuManagement.Application\MenuManagement.Application.csproj]
C:\Users\ladop\QrMenuSystem\MenuManagement.Application\Common\Interfaces\IMenuManagementDbContext.cs(13,9): error CS0246: The type or namespace name 'DbSet<>' could not be found (are you missing a using directive or an assembly reference?) [C:\Users\ladop\QrMenuSystem\MenuManagement.Application\MenuManagement.Application.csproj]
    0 Warning(s)
    10 Error(s)

Time Elapsed 00:00:02.91
